// Jest Snapshot v1, https://goo.gl/fbAQLP

exports[`<NotFoundPage /> should render and match the snapshot 1`] = `
<React.Fragment>
  <Helmet
    defer={true}
    encodeSpecialCharacters={true}
  >
    <title>
      404 Page Not Found
    </title>
    <meta
      content="Page not found"
      name="description"
    />
  </Helmet>
  <NavBar />
  <NotFoundPage__Wrapper>
    <NotFoundPage__Title>
      4
      <span
        aria-label="Crying Face"
        role="img"
      >
        ðŸ˜¢
      </span>
      4
    </NotFoundPage__Title>
    <P>
      Page not found.
    </P>
    <Link
      to="/"
    >
      Return to Home Page
    </Link>
  </NotFoundPage__Wrapper>
</React.Fragment>
`;
